Archive member included to satisfy reference by file (symbol)

c:/program files (x86)/atmel/studio/7.0/toolchain/avr8/avr8-gnu-toolchain/bin/../lib/gcc/avr/5.4.0/avr5\libgcc.a(_exit.o)
                              C:/Program Files (x86)/Atmel/Studio/7.0/Packs/atmel/ATmega_DFP/1.7.374/gcc/dev/atmega32a/avr5/crtatmega32a.o (exit)
c:/program files (x86)/atmel/studio/7.0/toolchain/avr8/avr8-gnu-toolchain/bin/../lib/gcc/avr/5.4.0/avr5\libgcc.a(_tablejump2.o)
                              MCAL/Timers/Timer0/ATmega32_TIMER0.o (__tablejump2__)
c:/program files (x86)/atmel/studio/7.0/toolchain/avr8/avr8-gnu-toolchain/bin/../lib/gcc/avr/5.4.0/avr5\libgcc.a(_clear_bss.o)
                              MCAL/External Interrupt/ATmega32_EXTERNALINTERRUPTS.o (__do_clear_bss)

Discarded input sections

 .data          0x00000000        0x0 C:/Program Files (x86)/Atmel/Studio/7.0/Packs/atmel/ATmega_DFP/1.7.374/gcc/dev/atmega32a/avr5/crtatmega32a.o
 .bss           0x00000000        0x0 C:/Program Files (x86)/Atmel/Studio/7.0/Packs/atmel/ATmega_DFP/1.7.374/gcc/dev/atmega32a/avr5/crtatmega32a.o
 .text          0x00000000        0x0 main.o
 .data          0x00000000        0x0 main.o
 .bss           0x00000000        0x0 main.o
 .text          0x00000000        0x0 MCAL/External Interrupt/ATmega32_EXTERNALINTERRUPTS.o
 .data          0x00000000        0x0 MCAL/External Interrupt/ATmega32_EXTERNALINTERRUPTS.o
 .bss           0x00000000        0x0 MCAL/External Interrupt/ATmega32_EXTERNALINTERRUPTS.o
 .text.MCAL_EXTI_Disable
                0x00000000       0x24 MCAL/External Interrupt/ATmega32_EXTERNALINTERRUPTS.o
 .text.MCAL_EXTI_Update
                0x00000000        0x6 MCAL/External Interrupt/ATmega32_EXTERNALINTERRUPTS.o
 .text          0x00000000        0x0 MCAL/GPIO/ATmega32_GPIO.o
 .data          0x00000000        0x0 MCAL/GPIO/ATmega32_GPIO.o
 .bss           0x00000000        0x0 MCAL/GPIO/ATmega32_GPIO.o
 .text.MCAL_GPIO_DeInit
                0x00000000        0x8 MCAL/GPIO/ATmega32_GPIO.o
 .text.MCAL_GPIO_ReadPin
                0x00000000       0x86 MCAL/GPIO/ATmega32_GPIO.o
 .text.MCAL_GPIO_ReadPort
                0x00000000        0x6 MCAL/GPIO/ATmega32_GPIO.o
 .text.MCAL_GPIO_WritePin
                0x00000000       0xf2 MCAL/GPIO/ATmega32_GPIO.o
 .text.MCAL_GPIO_WritePort
                0x00000000        0x6 MCAL/GPIO/ATmega32_GPIO.o
 .text          0x00000000        0x0 MCAL/Timers/Timer0/ATmega32_TIMER0.o
 .data          0x00000000        0x0 MCAL/Timers/Timer0/ATmega32_TIMER0.o
 .bss           0x00000000        0x0 MCAL/Timers/Timer0/ATmega32_TIMER0.o
 .text.MCAL_TIMER0_Init
                0x00000000      0x1b6 MCAL/Timers/Timer0/ATmega32_TIMER0.o
 .progmem.gcc_sw_table.MCAL_TIMER0_Init
                0x00000000        0xe MCAL/Timers/Timer0/ATmega32_TIMER0.o
 .text.MCAL_TIMER0_DeInit
                0x00000000       0x14 MCAL/Timers/Timer0/ATmega32_TIMER0.o
 .text.MCAL_TIMER0_GetCounterValue
                0x00000000        0x8 MCAL/Timers/Timer0/ATmega32_TIMER0.o
 .text.MCAL_TIMER0_SetCounterValue
                0x00000000        0x4 MCAL/Timers/Timer0/ATmega32_TIMER0.o
 .text.MCAL_TIMER0_GetCompareValue
                0x00000000        0x8 MCAL/Timers/Timer0/ATmega32_TIMER0.o
 .text.MCAL_TIMER0_SetCompareValue
                0x00000000        0x4 MCAL/Timers/Timer0/ATmega32_TIMER0.o
 .text.MCAL_TIMER0_SetPWMDutyCycle
                0x00000000       0x16 MCAL/Timers/Timer0/ATmega32_TIMER0.o
 .text          0x00000000        0x0 MCAL/Timers/Timer2/ATmega32_TIMER2.o
 .data          0x00000000        0x0 MCAL/Timers/Timer2/ATmega32_TIMER2.o
 .bss           0x00000000        0x0 MCAL/Timers/Timer2/ATmega32_TIMER2.o
 .text.MCAL_TIMER2_Init
                0x00000000      0x1b6 MCAL/Timers/Timer2/ATmega32_TIMER2.o
 .progmem.gcc_sw_table.MCAL_TIMER2_Init
                0x00000000        0xe MCAL/Timers/Timer2/ATmega32_TIMER2.o
 .text.MCAL_TIMER2_DeInit
                0x00000000       0x14 MCAL/Timers/Timer2/ATmega32_TIMER2.o
 .text.MCAL_TIMER2_GetCounterValue
                0x00000000        0x8 MCAL/Timers/Timer2/ATmega32_TIMER2.o
 .text.MCAL_TIMER2_SetCounterValue
                0x00000000        0x4 MCAL/Timers/Timer2/ATmega32_TIMER2.o
 .text.MCAL_TIMER2_GetCompareValue
                0x00000000        0x8 MCAL/Timers/Timer2/ATmega32_TIMER2.o
 .text.MCAL_TIMER2_SetCompareValue
                0x00000000        0x4 MCAL/Timers/Timer2/ATmega32_TIMER2.o
 .text.MCAL_TIMER2_SetPWMDutyCycle
                0x00000000       0x16 MCAL/Timers/Timer2/ATmega32_TIMER2.o
 .text          0x00000000        0x0 MCAL/Timers/Watchdog Timer/ATmega32_WATCHDOGTIMER.o
 .data          0x00000000        0x0 MCAL/Timers/Watchdog Timer/ATmega32_WATCHDOGTIMER.o
 .bss           0x00000000        0x0 MCAL/Timers/Watchdog Timer/ATmega32_WATCHDOGTIMER.o
 .text.MCAL_WATCHDOGTIMER_WDTSleep
                0x00000000       0xba MCAL/Timers/Watchdog Timer/ATmega32_WATCHDOGTIMER.o
 .progmem.gcc_sw_table.MCAL_WATCHDOGTIMER_WDTSleep
                0x00000000       0x10 MCAL/Timers/Watchdog Timer/ATmega32_WATCHDOGTIMER.o
 .text.MCAL_WATCHDOGTIMER_WDTEnable
                0x00000000        0x8 MCAL/Timers/Watchdog Timer/ATmega32_WATCHDOGTIMER.o
 .text.MCAL_WATCHDOGTIMER_WDTDisable
                0x00000000        0xa MCAL/Timers/Watchdog Timer/ATmega32_WATCHDOGTIMER.o
 .debug_info    0x00000000      0x1a6 MCAL/Timers/Watchdog Timer/ATmega32_WATCHDOGTIMER.o
 .debug_abbrev  0x00000000      0x10b MCAL/Timers/Watchdog Timer/ATmega32_WATCHDOGTIMER.o
 .debug_loc     0x00000000       0x28 MCAL/Timers/Watchdog Timer/ATmega32_WATCHDOGTIMER.o
 .debug_aranges
                0x00000000       0x30 MCAL/Timers/Watchdog Timer/ATmega32_WATCHDOGTIMER.o
 .debug_ranges  0x00000000       0x20 MCAL/Timers/Watchdog Timer/ATmega32_WATCHDOGTIMER.o
 .debug_line    0x00000000      0x1b1 MCAL/Timers/Watchdog Timer/ATmega32_WATCHDOGTIMER.o
 .debug_str     0x00000000      0x295 MCAL/Timers/Watchdog Timer/ATmega32_WATCHDOGTIMER.o
 .comment       0x00000000       0x31 MCAL/Timers/Watchdog Timer/ATmega32_WATCHDOGTIMER.o
 .debug_frame   0x00000000       0x44 MCAL/Timers/Watchdog Timer/ATmega32_WATCHDOGTIMER.o
 .text          0x00000000        0x0 c:/program files (x86)/atmel/studio/7.0/toolchain/avr8/avr8-gnu-toolchain/bin/../lib/gcc/avr/5.4.0/avr5\libgcc.a(_exit.o)
 .data          0x00000000        0x0 c:/program files (x86)/atmel/studio/7.0/toolchain/avr8/avr8-gnu-toolchain/bin/../lib/gcc/avr/5.4.0/avr5\libgcc.a(_exit.o)
 .bss           0x00000000        0x0 c:/program files (x86)/atmel/studio/7.0/toolchain/avr8/avr8-gnu-toolchain/bin/../lib/gcc/avr/5.4.0/avr5\libgcc.a(_exit.o)
 .text.libgcc.mul
                0x00000000        0x0 c:/program files (x86)/atmel/studio/7.0/toolchain/avr8/avr8-gnu-toolchain/bin/../lib/gcc/avr/5.4.0/avr5\libgcc.a(_exit.o)
 .text.libgcc.div
                0x00000000        0x0 c:/program files (x86)/atmel/studio/7.0/toolchain/avr8/avr8-gnu-toolchain/bin/../lib/gcc/avr/5.4.0/avr5\libgcc.a(_exit.o)
 .text.libgcc   0x00000000        0x0 c:/program files (x86)/atmel/studio/7.0/toolchain/avr8/avr8-gnu-toolchain/bin/../lib/gcc/avr/5.4.0/avr5\libgcc.a(_exit.o)
 .text.libgcc.prologue
                0x00000000        0x0 c:/program files (x86)/atmel/studio/7.0/toolchain/avr8/avr8-gnu-toolchain/bin/../lib/gcc/avr/5.4.0/avr5\libgcc.a(_exit.o)
 .text.libgcc.builtins
                0x00000000        0x0 c:/program files (x86)/atmel/studio/7.0/toolchain/avr8/avr8-gnu-toolchain/bin/../lib/gcc/avr/5.4.0/avr5\libgcc.a(_exit.o)
 .text.libgcc.fmul
                0x00000000        0x0 c:/program files (x86)/atmel/studio/7.0/toolchain/avr8/avr8-gnu-toolchain/bin/../lib/gcc/avr/5.4.0/avr5\libgcc.a(_exit.o)
 .text.libgcc.fixed
                0x00000000        0x0 c:/program files (x86)/atmel/studio/7.0/toolchain/avr8/avr8-gnu-toolchain/bin/../lib/gcc/avr/5.4.0/avr5\libgcc.a(_exit.o)
 .text          0x00000000        0x0 c:/program files (x86)/atmel/studio/7.0/toolchain/avr8/avr8-gnu-toolchain/bin/../lib/gcc/avr/5.4.0/avr5\libgcc.a(_tablejump2.o)
 .data          0x00000000        0x0 c:/program files (x86)/atmel/studio/7.0/toolchain/avr8/avr8-gnu-toolchain/bin/../lib/gcc/avr/5.4.0/avr5\libgcc.a(_tablejump2.o)
 .bss           0x00000000        0x0 c:/program files (x86)/atmel/studio/7.0/toolchain/avr8/avr8-gnu-toolchain/bin/../lib/gcc/avr/5.4.0/avr5\libgcc.a(_tablejump2.o)
 .text.libgcc.mul
                0x00000000        0x0 c:/program files (x86)/atmel/studio/7.0/toolchain/avr8/avr8-gnu-toolchain/bin/../lib/gcc/avr/5.4.0/avr5\libgcc.a(_tablejump2.o)
 .text.libgcc.div
                0x00000000        0x0 c:/program files (x86)/atmel/studio/7.0/toolchain/avr8/avr8-gnu-toolchain/bin/../lib/gcc/avr/5.4.0/avr5\libgcc.a(_tablejump2.o)
 .text.libgcc   0x00000000        0xc c:/program files (x86)/atmel/studio/7.0/toolchain/avr8/avr8-gnu-toolchain/bin/../lib/gcc/avr/5.4.0/avr5\libgcc.a(_tablejump2.o)
 .text.libgcc.prologue
                0x00000000        0x0 c:/program files (x86)/atmel/studio/7.0/toolchain/avr8/avr8-gnu-toolchain/bin/../lib/gcc/avr/5.4.0/avr5\libgcc.a(_tablejump2.o)
 .text.libgcc.builtins
                0x00000000        0x0 c:/program files (x86)/atmel/studio/7.0/toolchain/avr8/avr8-gnu-toolchain/bin/../lib/gcc/avr/5.4.0/avr5\libgcc.a(_tablejump2.o)
 .text.libgcc.fmul
                0x00000000        0x0 c:/program files (x86)/atmel/studio/7.0/toolchain/avr8/avr8-gnu-toolchain/bin/../lib/gcc/avr/5.4.0/avr5\libgcc.a(_tablejump2.o)
 .text.libgcc.fixed
                0x00000000        0x0 c:/program files (x86)/atmel/studio/7.0/toolchain/avr8/avr8-gnu-toolchain/bin/../lib/gcc/avr/5.4.0/avr5\libgcc.a(_tablejump2.o)
 .text          0x00000000        0x0 c:/program files (x86)/atmel/studio/7.0/toolchain/avr8/avr8-gnu-toolchain/bin/../lib/gcc/avr/5.4.0/avr5\libgcc.a(_clear_bss.o)
 .data          0x00000000        0x0 c:/program files (x86)/atmel/studio/7.0/toolchain/avr8/avr8-gnu-toolchain/bin/../lib/gcc/avr/5.4.0/avr5\libgcc.a(_clear_bss.o)
 .bss           0x00000000        0x0 c:/program files (x86)/atmel/studio/7.0/toolchain/avr8/avr8-gnu-toolchain/bin/../lib/gcc/avr/5.4.0/avr5\libgcc.a(_clear_bss.o)
 .text.libgcc.mul
                0x00000000        0x0 c:/program files (x86)/atmel/studio/7.0/toolchain/avr8/avr8-gnu-toolchain/bin/../lib/gcc/avr/5.4.0/avr5\libgcc.a(_clear_bss.o)
 .text.libgcc.div
                0x00000000        0x0 c:/program files (x86)/atmel/studio/7.0/toolchain/avr8/avr8-gnu-toolchain/bin/../lib/gcc/avr/5.4.0/avr5\libgcc.a(_clear_bss.o)
 .text.libgcc   0x00000000        0x0 c:/program files (x86)/atmel/studio/7.0/toolchain/avr8/avr8-gnu-toolchain/bin/../lib/gcc/avr/5.4.0/avr5\libgcc.a(_clear_bss.o)
 .text.libgcc.prologue
                0x00000000        0x0 c:/program files (x86)/atmel/studio/7.0/toolchain/avr8/avr8-gnu-toolchain/bin/../lib/gcc/avr/5.4.0/avr5\libgcc.a(_clear_bss.o)
 .text.libgcc.builtins
                0x00000000        0x0 c:/program files (x86)/atmel/studio/7.0/toolchain/avr8/avr8-gnu-toolchain/bin/../lib/gcc/avr/5.4.0/avr5\libgcc.a(_clear_bss.o)
 .text.libgcc.fmul
                0x00000000        0x0 c:/program files (x86)/atmel/studio/7.0/toolchain/avr8/avr8-gnu-toolchain/bin/../lib/gcc/avr/5.4.0/avr5\libgcc.a(_clear_bss.o)
 .text.libgcc.fixed
                0x00000000        0x0 c:/program files (x86)/atmel/studio/7.0/toolchain/avr8/avr8-gnu-toolchain/bin/../lib/gcc/avr/5.4.0/avr5\libgcc.a(_clear_bss.o)

Memory Configuration

Name             Origin             Length             Attributes
text             0x00000000         0x00008000         xr
data             0x00800060         0x00000800         rw !x
eeprom           0x00810000         0x00000400         rw !x
fuse             0x00820000         0x00000002         rw !x
lock             0x00830000         0x00000400         rw !x
signature        0x00840000         0x00000400         rw !x
user_signatures  0x00850000         0x00000400         rw !x
*default*        0x00000000         0xffffffff

Linker script and memory map

LOAD C:/Program Files (x86)/Atmel/Studio/7.0/Packs/atmel/ATmega_DFP/1.7.374/gcc/dev/atmega32a/avr5/crtatmega32a.o
LOAD main.o
LOAD MCAL/External Interrupt/ATmega32_EXTERNALINTERRUPTS.o
LOAD MCAL/GPIO/ATmega32_GPIO.o
LOAD MCAL/Timers/Timer0/ATmega32_TIMER0.o
LOAD MCAL/Timers/Timer2/ATmega32_TIMER2.o
LOAD MCAL/Timers/Watchdog Timer/ATmega32_WATCHDOGTIMER.o
START GROUP
LOAD c:/program files (x86)/atmel/studio/7.0/toolchain/avr8/avr8-gnu-toolchain/bin/../lib/gcc/avr/5.4.0/../../../../avr/lib/avr5\libm.a
END GROUP
START GROUP
LOAD c:/program files (x86)/atmel/studio/7.0/toolchain/avr8/avr8-gnu-toolchain/bin/../lib/gcc/avr/5.4.0/avr5\libgcc.a
LOAD c:/program files (x86)/atmel/studio/7.0/toolchain/avr8/avr8-gnu-toolchain/bin/../lib/gcc/avr/5.4.0/../../../../avr/lib/avr5\libm.a
LOAD c:/program files (x86)/atmel/studio/7.0/toolchain/avr8/avr8-gnu-toolchain/bin/../lib/gcc/avr/5.4.0/../../../../avr/lib/avr5\libc.a
LOAD C:/Program Files (x86)/Atmel/Studio/7.0/Packs/atmel/ATmega_DFP/1.7.374/gcc/dev/atmega32a/avr5\libatmega32a.a
END GROUP
                [0x00000000]                __TEXT_REGION_ORIGIN__ = DEFINED (__TEXT_REGION_ORIGIN__)?__TEXT_REGION_ORIGIN__:0x0
                [0x00800060]                __DATA_REGION_ORIGIN__ = DEFINED (__DATA_REGION_ORIGIN__)?__DATA_REGION_ORIGIN__:0x800060
                [0x00008000]                __TEXT_REGION_LENGTH__ = DEFINED (__TEXT_REGION_LENGTH__)?__TEXT_REGION_LENGTH__:0x20000
                [0x00000800]                __DATA_REGION_LENGTH__ = DEFINED (__DATA_REGION_LENGTH__)?__DATA_REGION_LENGTH__:0xffa0
                [0x00000400]                __EEPROM_REGION_LENGTH__ = DEFINED (__EEPROM_REGION_LENGTH__)?__EEPROM_REGION_LENGTH__:0x10000
                [0x00000002]                __FUSE_REGION_LENGTH__ = DEFINED (__FUSE_REGION_LENGTH__)?__FUSE_REGION_LENGTH__:0x400
                0x00000400                __LOCK_REGION_LENGTH__ = DEFINED (__LOCK_REGION_LENGTH__)?__LOCK_REGION_LENGTH__:0x400
                0x00000400                __SIGNATURE_REGION_LENGTH__ = DEFINED (__SIGNATURE_REGION_LENGTH__)?__SIGNATURE_REGION_LENGTH__:0x400
                0x00000400                __USER_SIGNATURE_REGION_LENGTH__ = DEFINED (__USER_SIGNATURE_REGION_LENGTH__)?__USER_SIGNATURE_REGION_LENGTH__:0x400

.hash
 *(.hash)

.dynsym
 *(.dynsym)

.dynstr
 *(.dynstr)

.gnu.version
 *(.gnu.version)

.gnu.version_d
 *(.gnu.version_d)

.gnu.version_r
 *(.gnu.version_r)

.rel.init
 *(.rel.init)

.rela.init
 *(.rela.init)

.rel.text
 *(.rel.text)
 *(.rel.text.*)
 *(.rel.gnu.linkonce.t*)

.rela.text
 *(.rela.text)
 *(.rela.text.*)
 *(.rela.gnu.linkonce.t*)

.rel.fini
 *(.rel.fini)

.rela.fini
 *(.rela.fini)

.rel.rodata
 *(.rel.rodata)
 *(.rel.rodata.*)
 *(.rel.gnu.linkonce.r*)

.rela.rodata
 *(.rela.rodata)
 *(.rela.rodata.*)
 *(.rela.gnu.linkonce.r*)

.rel.data
 *(.rel.data)
 *(.rel.data.*)
 *(.rel.gnu.linkonce.d*)

.rela.data
 *(.rela.data)
 *(.rela.data.*)
 *(.rela.gnu.linkonce.d*)

.rel.ctors
 *(.rel.ctors)

.rela.ctors
 *(.rela.ctors)

.rel.dtors
 *(.rel.dtors)

.rela.dtors
 *(.rela.dtors)

.rel.got
 *(.rel.got)

.rela.got
 *(.rela.got)

.rel.bss
 *(.rel.bss)

.rela.bss
 *(.rela.bss)

.rel.plt
 *(.rel.plt)

.rela.plt
 *(.rela.plt)

.text           0x00000000      0x7c2
 *(.vectors)
 .vectors       0x00000000       0x54 C:/Program Files (x86)/Atmel/Studio/7.0/Packs/atmel/ATmega_DFP/1.7.374/gcc/dev/atmega32a/avr5/crtatmega32a.o
                0x00000000                __vector_default
                0x00000000                __vectors
 *(.vectors)
 *(.progmem.gcc*)
                0x00000054                . = ALIGN (0x2)
                0x00000054                __trampolines_start = .
 *(.trampolines)
 .trampolines   0x00000054        0x0 linker stubs
 *(.trampolines*)
                0x00000054                __trampolines_end = .
 *libprintf_flt.a:*(.progmem.data)
 *libc.a:*(.progmem.data)
 *(.progmem*)
                0x00000054                . = ALIGN (0x2)
 *(.jumptables)
 *(.jumptables*)
 *(.lowtext)
 *(.lowtext*)
                0x00000054                __ctors_start = .
 *(.ctors)
                0x00000054                __ctors_end = .
                0x00000054                __dtors_start = .
 *(.dtors)
                0x00000054                __dtors_end = .
 SORT(*)(.ctors)
 SORT(*)(.dtors)
 *(.init0)
 .init0         0x00000054        0x0 C:/Program Files (x86)/Atmel/Studio/7.0/Packs/atmel/ATmega_DFP/1.7.374/gcc/dev/atmega32a/avr5/crtatmega32a.o
                0x00000054                __init
 *(.init0)
 *(.init1)
 *(.init1)
 *(.init2)
 .init2         0x00000054        0xc C:/Program Files (x86)/Atmel/Studio/7.0/Packs/atmel/ATmega_DFP/1.7.374/gcc/dev/atmega32a/avr5/crtatmega32a.o
 *(.init2)
 *(.init3)
 *(.init3)
 *(.init4)
 .init4         0x00000060       0x10 c:/program files (x86)/atmel/studio/7.0/toolchain/avr8/avr8-gnu-toolchain/bin/../lib/gcc/avr/5.4.0/avr5\libgcc.a(_clear_bss.o)
                0x00000060                __do_clear_bss
 *(.init4)
 *(.init5)
 *(.init5)
 *(.init6)
 *(.init6)
 *(.init7)
 *(.init7)
 *(.init8)
 *(.init8)
 *(.init9)
 .init9         0x00000070        0x8 C:/Program Files (x86)/Atmel/Studio/7.0/Packs/atmel/ATmega_DFP/1.7.374/gcc/dev/atmega32a/avr5/crtatmega32a.o
 *(.init9)
 *(.text)
 .text          0x00000078        0x4 C:/Program Files (x86)/Atmel/Studio/7.0/Packs/atmel/ATmega_DFP/1.7.374/gcc/dev/atmega32a/avr5/crtatmega32a.o
                0x00000078                __vector_12
                0x00000078                __bad_interrupt
                0x00000078                __vector_6
                0x00000078                __vector_13
                0x00000078                __vector_17
                0x00000078                __vector_19
                0x00000078                __vector_7
                0x00000078                __vector_9
                0x00000078                __vector_15
                0x00000078                __vector_8
                0x00000078                __vector_14
                0x00000078                __vector_16
                0x00000078                __vector_18
                0x00000078                __vector_20
                0x0000007c                . = ALIGN (0x2)
 *(.text.*)
 .text.isr      0x0000007c       0x20 main.o
                0x0000007c                isr
 .text.main     0x0000009c       0x8e main.o
                0x0000009c                main
 .text.__vector_1
                0x0000012a       0x58 MCAL/External Interrupt/ATmega32_EXTERNALINTERRUPTS.o
                0x0000012a                __vector_1
 .text.__vector_2
                0x00000182       0x58 MCAL/External Interrupt/ATmega32_EXTERNALINTERRUPTS.o
                0x00000182                __vector_2
 .text.__vector_3
                0x000001da       0x58 MCAL/External Interrupt/ATmega32_EXTERNALINTERRUPTS.o
                0x000001da                __vector_3
 .text.MCAL_EXTI_Enable
                0x00000232      0x106 MCAL/External Interrupt/ATmega32_EXTERNALINTERRUPTS.o
                0x00000232                MCAL_EXTI_Enable
 .text.MCAL_GPIO_Init
                0x00000338      0x264 MCAL/GPIO/ATmega32_GPIO.o
                0x00000338                MCAL_GPIO_Init
 .text.MCAL_GPIO_TogglePin
                0x0000059c       0xda MCAL/GPIO/ATmega32_GPIO.o
                0x0000059c                MCAL_GPIO_TogglePin
 .text.__vector_10
                0x00000676       0x52 MCAL/Timers/Timer0/ATmega32_TIMER0.o
                0x00000676                __vector_10
 .text.__vector_11
                0x000006c8       0x52 MCAL/Timers/Timer0/ATmega32_TIMER0.o
                0x000006c8                __vector_11
 .text.__vector_4
                0x0000071a       0x52 MCAL/Timers/Timer2/ATmega32_TIMER2.o
                0x0000071a                __vector_4
 .text.__vector_5
                0x0000076c       0x52 MCAL/Timers/Timer2/ATmega32_TIMER2.o
                0x0000076c                __vector_5
                0x000007be                . = ALIGN (0x2)
 *(.fini9)
 .fini9         0x000007be        0x0 c:/program files (x86)/atmel/studio/7.0/toolchain/avr8/avr8-gnu-toolchain/bin/../lib/gcc/avr/5.4.0/avr5\libgcc.a(_exit.o)
                0x000007be                _exit
                0x000007be                exit
 *(.fini9)
 *(.fini8)
 *(.fini8)
 *(.fini7)
 *(.fini7)
 *(.fini6)
 *(.fini6)
 *(.fini5)
 *(.fini5)
 *(.fini4)
 *(.fini4)
 *(.fini3)
 *(.fini3)
 *(.fini2)
 *(.fini2)
 *(.fini1)
 *(.fini1)
 *(.fini0)
 .fini0         0x000007be        0x4 c:/program files (x86)/atmel/studio/7.0/toolchain/avr8/avr8-gnu-toolchain/bin/../lib/gcc/avr/5.4.0/avr5\libgcc.a(_exit.o)
 *(.fini0)
                0x000007c2                _etext = .

.data           0x00800060        0x0 load address 0x000007c2
                [!provide]                PROVIDE (__data_start, .)
 *(.data)
 *(.data*)
 *(.gnu.linkonce.d*)
 *(.rodata)
 *(.rodata*)
 *(.gnu.linkonce.r*)
                0x00800060                . = ALIGN (0x2)
                0x00800060                _edata = .
                [!provide]                PROVIDE (__data_end, .)

.bss            0x00800060        0xe
                0x00800060                PROVIDE (__bss_start, .)
 *(.bss)
 *(.bss*)
 .bss.GPtr_EXTI_IRQCallBack
                0x00800060        0x6 MCAL/External Interrupt/ATmega32_EXTERNALINTERRUPTS.o
                0x00800060                GPtr_EXTI_IRQCallBack
 .bss.GPtr_TIMER0_IRQCallBack
                0x00800066        0x4 MCAL/Timers/Timer0/ATmega32_TIMER0.o
                0x00800066                GPtr_TIMER0_IRQCallBack
 .bss.GPtr_TIMER2_IRQCallBack
                0x0080006a        0x4 MCAL/Timers/Timer2/ATmega32_TIMER2.o
                0x0080006a                GPtr_TIMER2_IRQCallBack
 *(COMMON)
                0x0080006e                PROVIDE (__bss_end, .)
                0x000007c2                __data_load_start = LOADADDR (.data)
                0x000007c2                __data_load_end = (__data_load_start + SIZEOF (.data))

.noinit         0x0080006e        0x0
                [!provide]                PROVIDE (__noinit_start, .)
 *(.noinit*)
                [!provide]                PROVIDE (__noinit_end, .)
                0x0080006e                _end = .
                [!provide]                PROVIDE (__heap_start, .)

.eeprom         0x00810000        0x0
 *(.eeprom*)
                0x00810000                __eeprom_end = .

.fuse
 *(.fuse)
 *(.lfuse)
 *(.hfuse)
 *(.efuse)

.lock
 *(.lock*)

.signature
 *(.signature*)

.user_signatures
 *(.user_signatures*)

.stab
 *(.stab)

.stabstr
 *(.stabstr)

.stab.excl
 *(.stab.excl)

.stab.exclstr
 *(.stab.exclstr)

.stab.index
 *(.stab.index)

.stab.indexstr
 *(.stab.indexstr)

.comment        0x00000000       0x30
 *(.comment)
 .comment       0x00000000       0x30 main.o
                                 0x31 (size before relaxing)
 .comment       0x00000030       0x31 MCAL/External Interrupt/ATmega32_EXTERNALINTERRUPTS.o
 .comment       0x00000030       0x31 MCAL/GPIO/ATmega32_GPIO.o
 .comment       0x00000030       0x31 MCAL/Timers/Timer0/ATmega32_TIMER0.o
 .comment       0x00000030       0x31 MCAL/Timers/Timer2/ATmega32_TIMER2.o

.note.gnu.avr.deviceinfo
                0x00000000       0x3c
 .note.gnu.avr.deviceinfo
                0x00000000       0x3c C:/Program Files (x86)/Atmel/Studio/7.0/Packs/atmel/ATmega_DFP/1.7.374/gcc/dev/atmega32a/avr5/crtatmega32a.o

.note.gnu.build-id
 *(.note.gnu.build-id)

.debug
 *(.debug)

.line
 *(.line)

.debug_srcinfo
 *(.debug_srcinfo)

.debug_sfnames
 *(.debug_sfnames)

.debug_aranges  0x00000000      0x180
 *(.debug_aranges)
 .debug_aranges
                0x00000000       0x28 main.o
 .debug_aranges
                0x00000028       0x48 MCAL/External Interrupt/ATmega32_EXTERNALINTERRUPTS.o
 .debug_aranges
                0x00000070       0x50 MCAL/GPIO/ATmega32_GPIO.o
 .debug_aranges
                0x000000c0       0x60 MCAL/Timers/Timer0/ATmega32_TIMER0.o
 .debug_aranges
                0x00000120       0x60 MCAL/Timers/Timer2/ATmega32_TIMER2.o

.debug_pubnames
 *(.debug_pubnames)

.debug_info     0x00000000     0x1ab3
 *(.debug_info .gnu.linkonce.wi.*)
 .debug_info    0x00000000      0x4e6 C:/Program Files (x86)/Atmel/Studio/7.0/Packs/atmel/ATmega_DFP/1.7.374/gcc/dev/atmega32a/avr5/crtatmega32a.o
 .debug_info    0x000004e6      0x4f3 main.o
 .debug_info    0x000009d9      0x44e MCAL/External Interrupt/ATmega32_EXTERNALINTERRUPTS.o
 .debug_info    0x00000e27      0x4e6 MCAL/GPIO/ATmega32_GPIO.o
 .debug_info    0x0000130d      0x3cd MCAL/Timers/Timer0/ATmega32_TIMER0.o
 .debug_info    0x000016da      0x3d9 MCAL/Timers/Timer2/ATmega32_TIMER2.o

.debug_abbrev   0x00000000      0xb3a
 *(.debug_abbrev)
 .debug_abbrev  0x00000000      0x4a3 C:/Program Files (x86)/Atmel/Studio/7.0/Packs/atmel/ATmega_DFP/1.7.374/gcc/dev/atmega32a/avr5/crtatmega32a.o
 .debug_abbrev  0x000004a3      0x14a main.o
 .debug_abbrev  0x000005ed      0x132 MCAL/External Interrupt/ATmega32_EXTERNALINTERRUPTS.o
 .debug_abbrev  0x0000071f      0x178 MCAL/GPIO/ATmega32_GPIO.o
 .debug_abbrev  0x00000897      0x12d MCAL/Timers/Timer0/ATmega32_TIMER0.o
 .debug_abbrev  0x000009c4      0x176 MCAL/Timers/Timer2/ATmega32_TIMER2.o

.debug_line     0x00000000      0xfaa
 *(.debug_line .debug_line.* .debug_line_end)
 .debug_line    0x00000000      0x116 C:/Program Files (x86)/Atmel/Studio/7.0/Packs/atmel/ATmega_DFP/1.7.374/gcc/dev/atmega32a/avr5/crtatmega32a.o
 .debug_line    0x00000116      0x148 main.o
 .debug_line    0x0000025e      0x26c MCAL/External Interrupt/ATmega32_EXTERNALINTERRUPTS.o
 .debug_line    0x000004ca      0x4a2 MCAL/GPIO/ATmega32_GPIO.o
 .debug_line    0x0000096c      0x31f MCAL/Timers/Timer0/ATmega32_TIMER0.o
 .debug_line    0x00000c8b      0x31f MCAL/Timers/Timer2/ATmega32_TIMER2.o

.debug_frame    0x00000000      0x47c
 *(.debug_frame)
 .debug_frame   0x00000000       0x44 main.o
 .debug_frame   0x00000044      0x14c MCAL/External Interrupt/ATmega32_EXTERNALINTERRUPTS.o
 .debug_frame   0x00000190       0x84 MCAL/GPIO/ATmega32_GPIO.o
 .debug_frame   0x00000214      0x134 MCAL/Timers/Timer0/ATmega32_TIMER0.o
 .debug_frame   0x00000348      0x134 MCAL/Timers/Timer2/ATmega32_TIMER2.o

.debug_str      0x00000000      0xa26
 *(.debug_str)
 .debug_str     0x00000000      0x196 C:/Program Files (x86)/Atmel/Studio/7.0/Packs/atmel/ATmega_DFP/1.7.374/gcc/dev/atmega32a/avr5/crtatmega32a.o
 .debug_str     0x00000196      0x2cd main.o
                                0x2ee (size before relaxing)
 .debug_str     0x00000463      0x17a MCAL/External Interrupt/ATmega32_EXTERNALINTERRUPTS.o
                                0x375 (size before relaxing)
 .debug_str     0x000005dd       0xa7 MCAL/GPIO/ATmega32_GPIO.o
                                0x2f7 (size before relaxing)
 .debug_str     0x00000684      0x20a MCAL/Timers/Timer0/ATmega32_TIMER0.o
                                0x3b4 (size before relaxing)
 .debug_str     0x0000088e      0x198 MCAL/Timers/Timer2/ATmega32_TIMER2.o
                                0x3b2 (size before relaxing)

.debug_loc      0x00000000      0xbe7
 *(.debug_loc)
 .debug_loc     0x00000000       0x47 main.o
 .debug_loc     0x00000047      0x302 MCAL/External Interrupt/ATmega32_EXTERNALINTERRUPTS.o
 .debug_loc     0x00000349      0x474 MCAL/GPIO/ATmega32_GPIO.o
 .debug_loc     0x000007bd      0x215 MCAL/Timers/Timer0/ATmega32_TIMER0.o
 .debug_loc     0x000009d2      0x215 MCAL/Timers/Timer2/ATmega32_TIMER2.o

.debug_macinfo
 *(.debug_macinfo)

.debug_weaknames
 *(.debug_weaknames)

.debug_funcnames
 *(.debug_funcnames)

.debug_typenames
 *(.debug_typenames)

.debug_varnames
 *(.debug_varnames)

.debug_pubtypes
 *(.debug_pubtypes)

.debug_ranges   0x00000000      0x130
 *(.debug_ranges)
 .debug_ranges  0x00000000       0x18 main.o
 .debug_ranges  0x00000018       0x38 MCAL/External Interrupt/ATmega32_EXTERNALINTERRUPTS.o
 .debug_ranges  0x00000050       0x40 MCAL/GPIO/ATmega32_GPIO.o
 .debug_ranges  0x00000090       0x50 MCAL/Timers/Timer0/ATmega32_TIMER0.o
 .debug_ranges  0x000000e0       0x50 MCAL/Timers/Timer2/ATmega32_TIMER2.o

.debug_macro
 *(.debug_macro)
OUTPUT(ATmega32.elf elf32-avr)
LOAD linker stubs
