Archive member included to satisfy reference by file (symbol)

c:/program files (x86)/atmel/studio/7.0/toolchain/avr8/avr8-gnu-toolchain/bin/../lib/gcc/avr/5.4.0/avr5\libgcc.a(_exit.o)
                              C:/Program Files (x86)/Atmel/Studio/7.0/Packs/atmel/ATmega_DFP/1.7.374/gcc/dev/atmega32a/avr5/crtatmega32a.o (exit)
c:/program files (x86)/atmel/studio/7.0/toolchain/avr8/avr8-gnu-toolchain/bin/../lib/gcc/avr/5.4.0/avr5\libgcc.a(_tablejump2.o)
                              MCAL/Timers/Timer0/ATmega32_TIMER0.o (__tablejump2__)
c:/program files (x86)/atmel/studio/7.0/toolchain/avr8/avr8-gnu-toolchain/bin/../lib/gcc/avr/5.4.0/avr5\libgcc.a(_clear_bss.o)
                              MCAL/External Interrupt/ATmega32_EXTERNALINTERRUPTS.o (__do_clear_bss)

Allocating common symbols
Common symbol       size              file

G_Timer0Configuration
                    0x5               MCAL/Timers/Timer0/ATmega32_TIMER0.o
G_Timer2Configuration
                    0x5               MCAL/Timers/Timer2/ATmega32_TIMER2.o
Timer0NumberOfOverflowOccurence
                    0x2               MCAL/Timers/Timer0/ATmega32_TIMER0.o
Timer2NumberOfOverflowOccurence
                    0x2               MCAL/Timers/Timer2/ATmega32_TIMER2.o

Discarded input sections

 .data          0x00000000        0x0 C:/Program Files (x86)/Atmel/Studio/7.0/Packs/atmel/ATmega_DFP/1.7.374/gcc/dev/atmega32a/avr5/crtatmega32a.o
 .bss           0x00000000        0x0 C:/Program Files (x86)/Atmel/Studio/7.0/Packs/atmel/ATmega_DFP/1.7.374/gcc/dev/atmega32a/avr5/crtatmega32a.o
 .text          0x00000000        0x0 main.o
 .data          0x00000000        0x0 main.o
 .bss           0x00000000        0x0 main.o
 .text          0x00000000        0x0 MCAL/External Interrupt/ATmega32_EXTERNALINTERRUPTS.o
 .data          0x00000000        0x0 MCAL/External Interrupt/ATmega32_EXTERNALINTERRUPTS.o
 .bss           0x00000000        0x0 MCAL/External Interrupt/ATmega32_EXTERNALINTERRUPTS.o
 .text.MCAL_EXTI_Enable
                0x00000000      0x106 MCAL/External Interrupt/ATmega32_EXTERNALINTERRUPTS.o
 .text.MCAL_EXTI_Disable
                0x00000000       0x24 MCAL/External Interrupt/ATmega32_EXTERNALINTERRUPTS.o
 .text.MCAL_EXTI_Update
                0x00000000        0x6 MCAL/External Interrupt/ATmega32_EXTERNALINTERRUPTS.o
 .text          0x00000000        0x0 MCAL/GPIO/ATmega32_GPIO.o
 .data          0x00000000        0x0 MCAL/GPIO/ATmega32_GPIO.o
 .bss           0x00000000        0x0 MCAL/GPIO/ATmega32_GPIO.o
 .text.MCAL_GPIO_DeInit
                0x00000000        0x8 MCAL/GPIO/ATmega32_GPIO.o
 .text.MCAL_GPIO_ReadPin
                0x00000000       0x86 MCAL/GPIO/ATmega32_GPIO.o
 .text.MCAL_GPIO_ReadPort
                0x00000000        0x6 MCAL/GPIO/ATmega32_GPIO.o
 .text.MCAL_GPIO_WritePin
                0x00000000       0xf2 MCAL/GPIO/ATmega32_GPIO.o
 .text.MCAL_GPIO_WritePort
                0x00000000        0x6 MCAL/GPIO/ATmega32_GPIO.o
 .text.MCAL_GPIO_TogglePin
                0x00000000       0xda MCAL/GPIO/ATmega32_GPIO.o
 .text          0x00000000        0x0 MCAL/Timers/Timer0/ATmega32_TIMER0.o
 .data          0x00000000        0x0 MCAL/Timers/Timer0/ATmega32_TIMER0.o
 .bss           0x00000000        0x0 MCAL/Timers/Timer0/ATmega32_TIMER0.o
 .text.MCAL_TIMER0_DeInit
                0x00000000       0x14 MCAL/Timers/Timer0/ATmega32_TIMER0.o
 .text.MCAL_TIMER0_GetCounterValue
                0x00000000        0x8 MCAL/Timers/Timer0/ATmega32_TIMER0.o
 .text.MCAL_TIMER0_SetCounterValue
                0x00000000        0x4 MCAL/Timers/Timer0/ATmega32_TIMER0.o
 .text.MCAL_TIMER0_GetCompareValue
                0x00000000        0x8 MCAL/Timers/Timer0/ATmega32_TIMER0.o
 .text.MCAL_TIMER0_SetCompareValue
                0x00000000        0x4 MCAL/Timers/Timer0/ATmega32_TIMER0.o
 .text.MCAL_TIMER0_GetOverflowCount
                0x00000000       0x10 MCAL/Timers/Timer0/ATmega32_TIMER0.o
 .text.MCAL_TIMER0_SetOverflowCount
                0x00000000        0xa MCAL/Timers/Timer0/ATmega32_TIMER0.o
 .text          0x00000000        0x0 MCAL/Timers/Timer2/ATmega32_TIMER2.o
 .data          0x00000000        0x0 MCAL/Timers/Timer2/ATmega32_TIMER2.o
 .bss           0x00000000        0x0 MCAL/Timers/Timer2/ATmega32_TIMER2.o
 .text.MCAL_TIMER2_Init
                0x00000000      0x192 MCAL/Timers/Timer2/ATmega32_TIMER2.o
 .text.MCAL_TIMER2_DeInit
                0x00000000       0x14 MCAL/Timers/Timer2/ATmega32_TIMER2.o
 .text.MCAL_TIMER2_GetCounterValue
                0x00000000        0x8 MCAL/Timers/Timer2/ATmega32_TIMER2.o
 .text.MCAL_TIMER2_SetCounterValue
                0x00000000        0x4 MCAL/Timers/Timer2/ATmega32_TIMER2.o
 .text.MCAL_TIMER2_GetOverflowCount
                0x00000000       0x10 MCAL/Timers/Timer2/ATmega32_TIMER2.o
 .text.MCAL_TIMER2_SetOverflowCount
                0x00000000        0x2 MCAL/Timers/Timer2/ATmega32_TIMER2.o
 .text.MCAL_TIMER2_GetCompareValue
                0x00000000        0x8 MCAL/Timers/Timer2/ATmega32_TIMER2.o
 .text.MCAL_TIMER2_SetCompareValue
                0x00000000        0x4 MCAL/Timers/Timer2/ATmega32_TIMER2.o
 .text.MCAL_TIMER2_SetPWMDutyCycle
                0x00000000       0x16 MCAL/Timers/Timer2/ATmega32_TIMER2.o
 .text          0x00000000        0x0 MCAL/Timers/Watchdog Timer/ATmega32_WATCHDOGTIMER.o
 .data          0x00000000        0x0 MCAL/Timers/Watchdog Timer/ATmega32_WATCHDOGTIMER.o
 .bss           0x00000000        0x0 MCAL/Timers/Watchdog Timer/ATmega32_WATCHDOGTIMER.o
 .text.MCAL_WATCHDOGTIMER_WDTSleep
                0x00000000       0xba MCAL/Timers/Watchdog Timer/ATmega32_WATCHDOGTIMER.o
 .progmem.gcc_sw_table.MCAL_WATCHDOGTIMER_WDTSleep
                0x00000000       0x10 MCAL/Timers/Watchdog Timer/ATmega32_WATCHDOGTIMER.o
 .text.MCAL_WATCHDOGTIMER_WDTEnable
                0x00000000        0x8 MCAL/Timers/Watchdog Timer/ATmega32_WATCHDOGTIMER.o
 .text.MCAL_WATCHDOGTIMER_WDTDisable
                0x00000000        0xa MCAL/Timers/Watchdog Timer/ATmega32_WATCHDOGTIMER.o
 .debug_info    0x00000000      0x1a6 MCAL/Timers/Watchdog Timer/ATmega32_WATCHDOGTIMER.o
 .debug_abbrev  0x00000000      0x10b MCAL/Timers/Watchdog Timer/ATmega32_WATCHDOGTIMER.o
 .debug_loc     0x00000000       0x28 MCAL/Timers/Watchdog Timer/ATmega32_WATCHDOGTIMER.o
 .debug_aranges
                0x00000000       0x30 MCAL/Timers/Watchdog Timer/ATmega32_WATCHDOGTIMER.o
 .debug_ranges  0x00000000       0x20 MCAL/Timers/Watchdog Timer/ATmega32_WATCHDOGTIMER.o
 .debug_line    0x00000000      0x1b1 MCAL/Timers/Watchdog Timer/ATmega32_WATCHDOGTIMER.o
 .debug_str     0x00000000      0x295 MCAL/Timers/Watchdog Timer/ATmega32_WATCHDOGTIMER.o
 .comment       0x00000000       0x31 MCAL/Timers/Watchdog Timer/ATmega32_WATCHDOGTIMER.o
 .debug_frame   0x00000000       0x44 MCAL/Timers/Watchdog Timer/ATmega32_WATCHDOGTIMER.o
 .text          0x00000000        0x0 c:/program files (x86)/atmel/studio/7.0/toolchain/avr8/avr8-gnu-toolchain/bin/../lib/gcc/avr/5.4.0/avr5\libgcc.a(_exit.o)
 .data          0x00000000        0x0 c:/program files (x86)/atmel/studio/7.0/toolchain/avr8/avr8-gnu-toolchain/bin/../lib/gcc/avr/5.4.0/avr5\libgcc.a(_exit.o)
 .bss           0x00000000        0x0 c:/program files (x86)/atmel/studio/7.0/toolchain/avr8/avr8-gnu-toolchain/bin/../lib/gcc/avr/5.4.0/avr5\libgcc.a(_exit.o)
 .text.libgcc.mul
                0x00000000        0x0 c:/program files (x86)/atmel/studio/7.0/toolchain/avr8/avr8-gnu-toolchain/bin/../lib/gcc/avr/5.4.0/avr5\libgcc.a(_exit.o)
 .text.libgcc.div
                0x00000000        0x0 c:/program files (x86)/atmel/studio/7.0/toolchain/avr8/avr8-gnu-toolchain/bin/../lib/gcc/avr/5.4.0/avr5\libgcc.a(_exit.o)
 .text.libgcc   0x00000000        0x0 c:/program files (x86)/atmel/studio/7.0/toolchain/avr8/avr8-gnu-toolchain/bin/../lib/gcc/avr/5.4.0/avr5\libgcc.a(_exit.o)
 .text.libgcc.prologue
                0x00000000        0x0 c:/program files (x86)/atmel/studio/7.0/toolchain/avr8/avr8-gnu-toolchain/bin/../lib/gcc/avr/5.4.0/avr5\libgcc.a(_exit.o)
 .text.libgcc.builtins
                0x00000000        0x0 c:/program files (x86)/atmel/studio/7.0/toolchain/avr8/avr8-gnu-toolchain/bin/../lib/gcc/avr/5.4.0/avr5\libgcc.a(_exit.o)
 .text.libgcc.fmul
                0x00000000        0x0 c:/program files (x86)/atmel/studio/7.0/toolchain/avr8/avr8-gnu-toolchain/bin/../lib/gcc/avr/5.4.0/avr5\libgcc.a(_exit.o)
 .text.libgcc.fixed
                0x00000000        0x0 c:/program files (x86)/atmel/studio/7.0/toolchain/avr8/avr8-gnu-toolchain/bin/../lib/gcc/avr/5.4.0/avr5\libgcc.a(_exit.o)
 .text          0x00000000        0x0 c:/program files (x86)/atmel/studio/7.0/toolchain/avr8/avr8-gnu-toolchain/bin/../lib/gcc/avr/5.4.0/avr5\libgcc.a(_tablejump2.o)
 .data          0x00000000        0x0 c:/program files (x86)/atmel/studio/7.0/toolchain/avr8/avr8-gnu-toolchain/bin/../lib/gcc/avr/5.4.0/avr5\libgcc.a(_tablejump2.o)
 .bss           0x00000000        0x0 c:/program files (x86)/atmel/studio/7.0/toolchain/avr8/avr8-gnu-toolchain/bin/../lib/gcc/avr/5.4.0/avr5\libgcc.a(_tablejump2.o)
 .text.libgcc.mul
                0x00000000        0x0 c:/program files (x86)/atmel/studio/7.0/toolchain/avr8/avr8-gnu-toolchain/bin/../lib/gcc/avr/5.4.0/avr5\libgcc.a(_tablejump2.o)
 .text.libgcc.div
                0x00000000        0x0 c:/program files (x86)/atmel/studio/7.0/toolchain/avr8/avr8-gnu-toolchain/bin/../lib/gcc/avr/5.4.0/avr5\libgcc.a(_tablejump2.o)
 .text.libgcc.prologue
                0x00000000        0x0 c:/program files (x86)/atmel/studio/7.0/toolchain/avr8/avr8-gnu-toolchain/bin/../lib/gcc/avr/5.4.0/avr5\libgcc.a(_tablejump2.o)
 .text.libgcc.builtins
                0x00000000        0x0 c:/program files (x86)/atmel/studio/7.0/toolchain/avr8/avr8-gnu-toolchain/bin/../lib/gcc/avr/5.4.0/avr5\libgcc.a(_tablejump2.o)
 .text.libgcc.fmul
                0x00000000        0x0 c:/program files (x86)/atmel/studio/7.0/toolchain/avr8/avr8-gnu-toolchain/bin/../lib/gcc/avr/5.4.0/avr5\libgcc.a(_tablejump2.o)
 .text.libgcc.fixed
                0x00000000        0x0 c:/program files (x86)/atmel/studio/7.0/toolchain/avr8/avr8-gnu-toolchain/bin/../lib/gcc/avr/5.4.0/avr5\libgcc.a(_tablejump2.o)
 .text          0x00000000        0x0 c:/program files (x86)/atmel/studio/7.0/toolchain/avr8/avr8-gnu-toolchain/bin/../lib/gcc/avr/5.4.0/avr5\libgcc.a(_clear_bss.o)
 .data          0x00000000        0x0 c:/program files (x86)/atmel/studio/7.0/toolchain/avr8/avr8-gnu-toolchain/bin/../lib/gcc/avr/5.4.0/avr5\libgcc.a(_clear_bss.o)
 .bss           0x00000000        0x0 c:/program files (x86)/atmel/studio/7.0/toolchain/avr8/avr8-gnu-toolchain/bin/../lib/gcc/avr/5.4.0/avr5\libgcc.a(_clear_bss.o)
 .text.libgcc.mul
                0x00000000        0x0 c:/program files (x86)/atmel/studio/7.0/toolchain/avr8/avr8-gnu-toolchain/bin/../lib/gcc/avr/5.4.0/avr5\libgcc.a(_clear_bss.o)
 .text.libgcc.div
                0x00000000        0x0 c:/program files (x86)/atmel/studio/7.0/toolchain/avr8/avr8-gnu-toolchain/bin/../lib/gcc/avr/5.4.0/avr5\libgcc.a(_clear_bss.o)
 .text.libgcc   0x00000000        0x0 c:/program files (x86)/atmel/studio/7.0/toolchain/avr8/avr8-gnu-toolchain/bin/../lib/gcc/avr/5.4.0/avr5\libgcc.a(_clear_bss.o)
 .text.libgcc.prologue
                0x00000000        0x0 c:/program files (x86)/atmel/studio/7.0/toolchain/avr8/avr8-gnu-toolchain/bin/../lib/gcc/avr/5.4.0/avr5\libgcc.a(_clear_bss.o)
 .text.libgcc.builtins
                0x00000000        0x0 c:/program files (x86)/atmel/studio/7.0/toolchain/avr8/avr8-gnu-toolchain/bin/../lib/gcc/avr/5.4.0/avr5\libgcc.a(_clear_bss.o)
 .text.libgcc.fmul
                0x00000000        0x0 c:/program files (x86)/atmel/studio/7.0/toolchain/avr8/avr8-gnu-toolchain/bin/../lib/gcc/avr/5.4.0/avr5\libgcc.a(_clear_bss.o)
 .text.libgcc.fixed
                0x00000000        0x0 c:/program files (x86)/atmel/studio/7.0/toolchain/avr8/avr8-gnu-toolchain/bin/../lib/gcc/avr/5.4.0/avr5\libgcc.a(_clear_bss.o)

Memory Configuration

Name             Origin             Length             Attributes
text             0x00000000         0x00008000         xr
data             0x00800060         0x00000800         rw !x
eeprom           0x00810000         0x00000400         rw !x
fuse             0x00820000         0x00000002         rw !x
lock             0x00830000         0x00000400         rw !x
signature        0x00840000         0x00000400         rw !x
user_signatures  0x00850000         0x00000400         rw !x
*default*        0x00000000         0xffffffff

Linker script and memory map

LOAD C:/Program Files (x86)/Atmel/Studio/7.0/Packs/atmel/ATmega_DFP/1.7.374/gcc/dev/atmega32a/avr5/crtatmega32a.o
LOAD main.o
LOAD MCAL/External Interrupt/ATmega32_EXTERNALINTERRUPTS.o
LOAD MCAL/GPIO/ATmega32_GPIO.o
LOAD MCAL/Timers/Timer0/ATmega32_TIMER0.o
LOAD MCAL/Timers/Timer2/ATmega32_TIMER2.o
LOAD MCAL/Timers/Watchdog Timer/ATmega32_WATCHDOGTIMER.o
START GROUP
LOAD c:/program files (x86)/atmel/studio/7.0/toolchain/avr8/avr8-gnu-toolchain/bin/../lib/gcc/avr/5.4.0/../../../../avr/lib/avr5\libm.a
END GROUP
START GROUP
LOAD c:/program files (x86)/atmel/studio/7.0/toolchain/avr8/avr8-gnu-toolchain/bin/../lib/gcc/avr/5.4.0/avr5\libgcc.a
LOAD c:/program files (x86)/atmel/studio/7.0/toolchain/avr8/avr8-gnu-toolchain/bin/../lib/gcc/avr/5.4.0/../../../../avr/lib/avr5\libm.a
LOAD c:/program files (x86)/atmel/studio/7.0/toolchain/avr8/avr8-gnu-toolchain/bin/../lib/gcc/avr/5.4.0/../../../../avr/lib/avr5\libc.a
LOAD C:/Program Files (x86)/Atmel/Studio/7.0/Packs/atmel/ATmega_DFP/1.7.374/gcc/dev/atmega32a/avr5\libatmega32a.a
END GROUP
                [0x00000000]                __TEXT_REGION_ORIGIN__ = DEFINED (__TEXT_REGION_ORIGIN__)?__TEXT_REGION_ORIGIN__:0x0
                [0x00800060]                __DATA_REGION_ORIGIN__ = DEFINED (__DATA_REGION_ORIGIN__)?__DATA_REGION_ORIGIN__:0x800060
                [0x00008000]                __TEXT_REGION_LENGTH__ = DEFINED (__TEXT_REGION_LENGTH__)?__TEXT_REGION_LENGTH__:0x20000
                [0x00000800]                __DATA_REGION_LENGTH__ = DEFINED (__DATA_REGION_LENGTH__)?__DATA_REGION_LENGTH__:0xffa0
                [0x00000400]                __EEPROM_REGION_LENGTH__ = DEFINED (__EEPROM_REGION_LENGTH__)?__EEPROM_REGION_LENGTH__:0x10000
                [0x00000002]                __FUSE_REGION_LENGTH__ = DEFINED (__FUSE_REGION_LENGTH__)?__FUSE_REGION_LENGTH__:0x400
                0x00000400                __LOCK_REGION_LENGTH__ = DEFINED (__LOCK_REGION_LENGTH__)?__LOCK_REGION_LENGTH__:0x400
                0x00000400                __SIGNATURE_REGION_LENGTH__ = DEFINED (__SIGNATURE_REGION_LENGTH__)?__SIGNATURE_REGION_LENGTH__:0x400
                0x00000400                __USER_SIGNATURE_REGION_LENGTH__ = DEFINED (__USER_SIGNATURE_REGION_LENGTH__)?__USER_SIGNATURE_REGION_LENGTH__:0x400

.hash
 *(.hash)

.dynsym
 *(.dynsym)

.dynstr
 *(.dynstr)

.gnu.version
 *(.gnu.version)

.gnu.version_d
 *(.gnu.version_d)

.gnu.version_r
 *(.gnu.version_r)

.rel.init
 *(.rel.init)

.rela.init
 *(.rela.init)

.rel.text
 *(.rel.text)
 *(.rel.text.*)
 *(.rel.gnu.linkonce.t*)

.rela.text
 *(.rela.text)
 *(.rela.text.*)
 *(.rela.gnu.linkonce.t*)

.rel.fini
 *(.rel.fini)

.rela.fini
 *(.rela.fini)

.rel.rodata
 *(.rel.rodata)
 *(.rel.rodata.*)
 *(.rel.gnu.linkonce.r*)

.rela.rodata
 *(.rela.rodata)
 *(.rela.rodata.*)
 *(.rela.gnu.linkonce.r*)

.rel.data
 *(.rel.data)
 *(.rel.data.*)
 *(.rel.gnu.linkonce.d*)

.rela.data
 *(.rela.data)
 *(.rela.data.*)
 *(.rela.gnu.linkonce.d*)

.rel.ctors
 *(.rel.ctors)

.rela.ctors
 *(.rela.ctors)

.rel.dtors
 *(.rel.dtors)

.rela.dtors
 *(.rela.dtors)

.rel.got
 *(.rel.got)

.rela.got
 *(.rela.got)

.rel.bss
 *(.rel.bss)

.rela.bss
 *(.rela.bss)

.rel.plt
 *(.rel.plt)

.rela.plt
 *(.rela.plt)

.text           0x00000000      0x7c2
 *(.vectors)
 .vectors       0x00000000       0x54 C:/Program Files (x86)/Atmel/Studio/7.0/Packs/atmel/ATmega_DFP/1.7.374/gcc/dev/atmega32a/avr5/crtatmega32a.o
                0x00000000                __vector_default
                0x00000000                __vectors
 *(.vectors)
 *(.progmem.gcc*)
 .progmem.gcc_sw_table.MCAL_TIMER0_Init
                0x00000054        0xe MCAL/Timers/Timer0/ATmega32_TIMER0.o
                0x00000062                . = ALIGN (0x2)
                0x00000062                __trampolines_start = .
 *(.trampolines)
 .trampolines   0x00000062        0x0 linker stubs
 *(.trampolines*)
                0x00000062                __trampolines_end = .
 *libprintf_flt.a:*(.progmem.data)
 *libc.a:*(.progmem.data)
 *(.progmem*)
                0x00000062                . = ALIGN (0x2)
 *(.jumptables)
 *(.jumptables*)
 *(.lowtext)
 *(.lowtext*)
                0x00000062                __ctors_start = .
 *(.ctors)
                0x00000062                __ctors_end = .
                0x00000062                __dtors_start = .
 *(.dtors)
                0x00000062                __dtors_end = .
 SORT(*)(.ctors)
 SORT(*)(.dtors)
 *(.init0)
 .init0         0x00000062        0x0 C:/Program Files (x86)/Atmel/Studio/7.0/Packs/atmel/ATmega_DFP/1.7.374/gcc/dev/atmega32a/avr5/crtatmega32a.o
                0x00000062                __init
 *(.init0)
 *(.init1)
 *(.init1)
 *(.init2)
 .init2         0x00000062        0xc C:/Program Files (x86)/Atmel/Studio/7.0/Packs/atmel/ATmega_DFP/1.7.374/gcc/dev/atmega32a/avr5/crtatmega32a.o
 *(.init2)
 *(.init3)
 *(.init3)
 *(.init4)
 .init4         0x0000006e       0x10 c:/program files (x86)/atmel/studio/7.0/toolchain/avr8/avr8-gnu-toolchain/bin/../lib/gcc/avr/5.4.0/avr5\libgcc.a(_clear_bss.o)
                0x0000006e                __do_clear_bss
 *(.init4)
 *(.init5)
 *(.init5)
 *(.init6)
 *(.init6)
 *(.init7)
 *(.init7)
 *(.init8)
 *(.init8)
 *(.init9)
 .init9         0x0000007e        0x8 C:/Program Files (x86)/Atmel/Studio/7.0/Packs/atmel/ATmega_DFP/1.7.374/gcc/dev/atmega32a/avr5/crtatmega32a.o
 *(.init9)
 *(.text)
 .text          0x00000086        0x4 C:/Program Files (x86)/Atmel/Studio/7.0/Packs/atmel/ATmega_DFP/1.7.374/gcc/dev/atmega32a/avr5/crtatmega32a.o
                0x00000086                __vector_12
                0x00000086                __bad_interrupt
                0x00000086                __vector_6
                0x00000086                __vector_13
                0x00000086                __vector_17
                0x00000086                __vector_19
                0x00000086                __vector_7
                0x00000086                __vector_9
                0x00000086                __vector_15
                0x00000086                __vector_8
                0x00000086                __vector_14
                0x00000086                __vector_16
                0x00000086                __vector_18
                0x00000086                __vector_20
                0x0000008a                . = ALIGN (0x2)
 *(.text.*)
 .text.GPIO_INIT
                0x0000008a       0x32 main.o
                0x0000008a                GPIO_INIT
 .text.TIMER0_INIT
                0x000000bc       0x34 main.o
                0x000000bc                TIMER0_INIT
 .text.main     0x000000f0       0x10 main.o
                0x000000f0                main
 .text.__vector_1
                0x00000100       0x58 MCAL/External Interrupt/ATmega32_EXTERNALINTERRUPTS.o
                0x00000100                __vector_1
 .text.__vector_2
                0x00000158       0x58 MCAL/External Interrupt/ATmega32_EXTERNALINTERRUPTS.o
                0x00000158                __vector_2
 .text.__vector_3
                0x000001b0       0x58 MCAL/External Interrupt/ATmega32_EXTERNALINTERRUPTS.o
                0x000001b0                __vector_3
 .text.MCAL_GPIO_Init
                0x00000208      0x264 MCAL/GPIO/ATmega32_GPIO.o
                0x00000208                MCAL_GPIO_Init
 .text.__vector_10
                0x0000046c       0x52 MCAL/Timers/Timer0/ATmega32_TIMER0.o
                0x0000046c                __vector_10
 .text.__vector_11
                0x000004be       0x64 MCAL/Timers/Timer0/ATmega32_TIMER0.o
                0x000004be                __vector_11
 .text.MCAL_TIMER0_Init
                0x00000522      0x1c4 MCAL/Timers/Timer0/ATmega32_TIMER0.o
                0x00000522                MCAL_TIMER0_Init
 .text.MCAL_TIMER0_SetPWMDutyCycle
                0x000006e6       0x16 MCAL/Timers/Timer0/ATmega32_TIMER0.o
                0x000006e6                MCAL_TIMER0_SetPWMDutyCycle
 .text.__vector_4
                0x000006fc       0x52 MCAL/Timers/Timer2/ATmega32_TIMER2.o
                0x000006fc                __vector_4
 .text.__vector_5
                0x0000074e       0x64 MCAL/Timers/Timer2/ATmega32_TIMER2.o
                0x0000074e                __vector_5
 .text.libgcc   0x000007b2        0xc c:/program files (x86)/atmel/studio/7.0/toolchain/avr8/avr8-gnu-toolchain/bin/../lib/gcc/avr/5.4.0/avr5\libgcc.a(_tablejump2.o)
                0x000007b2                __tablejump2__
                0x000007be                . = ALIGN (0x2)
 *(.fini9)
 .fini9         0x000007be        0x0 c:/program files (x86)/atmel/studio/7.0/toolchain/avr8/avr8-gnu-toolchain/bin/../lib/gcc/avr/5.4.0/avr5\libgcc.a(_exit.o)
                0x000007be                _exit
                0x000007be                exit
 *(.fini9)
 *(.fini8)
 *(.fini8)
 *(.fini7)
 *(.fini7)
 *(.fini6)
 *(.fini6)
 *(.fini5)
 *(.fini5)
 *(.fini4)
 *(.fini4)
 *(.fini3)
 *(.fini3)
 *(.fini2)
 *(.fini2)
 *(.fini1)
 *(.fini1)
 *(.fini0)
 .fini0         0x000007be        0x4 c:/program files (x86)/atmel/studio/7.0/toolchain/avr8/avr8-gnu-toolchain/bin/../lib/gcc/avr/5.4.0/avr5\libgcc.a(_exit.o)
 *(.fini0)
                0x000007c2                _etext = .

.data           0x00800060        0x0 load address 0x000007c2
                [!provide]                PROVIDE (__data_start, .)
 *(.data)
 *(.data*)
 *(.gnu.linkonce.d*)
 *(.rodata)
 *(.rodata*)
 *(.gnu.linkonce.r*)
                0x00800060                . = ALIGN (0x2)
                0x00800060                _edata = .
                [!provide]                PROVIDE (__data_end, .)

.bss            0x00800060       0x1c
                0x00800060                PROVIDE (__bss_start, .)
 *(.bss)
 *(.bss*)
 .bss.GPtr_EXTI_IRQCallBack
                0x00800060        0x6 MCAL/External Interrupt/ATmega32_EXTERNALINTERRUPTS.o
                0x00800060                GPtr_EXTI_IRQCallBack
 .bss.GPtr_TIMER0_IRQCallBack
                0x00800066        0x4 MCAL/Timers/Timer0/ATmega32_TIMER0.o
                0x00800066                GPtr_TIMER0_IRQCallBack
 .bss.GPtr_TIMER2_IRQCallBack
                0x0080006a        0x4 MCAL/Timers/Timer2/ATmega32_TIMER2.o
                0x0080006a                GPtr_TIMER2_IRQCallBack
 *(COMMON)
 COMMON         0x0080006e        0x7 MCAL/Timers/Timer0/ATmega32_TIMER0.o
                0x0080006e                G_Timer0Configuration
                0x00800073                Timer0NumberOfOverflowOccurence
 COMMON         0x00800075        0x7 MCAL/Timers/Timer2/ATmega32_TIMER2.o
                0x00800075                G_Timer2Configuration
                0x0080007a                Timer2NumberOfOverflowOccurence
                0x0080007c                PROVIDE (__bss_end, .)
                0x000007c2                __data_load_start = LOADADDR (.data)
                0x000007c2                __data_load_end = (__data_load_start + SIZEOF (.data))

.noinit         0x0080007c        0x0
                [!provide]                PROVIDE (__noinit_start, .)
 *(.noinit*)
                [!provide]                PROVIDE (__noinit_end, .)
                0x0080007c                _end = .
                [!provide]                PROVIDE (__heap_start, .)

.eeprom         0x00810000        0x0
 *(.eeprom*)
                0x00810000                __eeprom_end = .

.fuse
 *(.fuse)
 *(.lfuse)
 *(.hfuse)
 *(.efuse)

.lock
 *(.lock*)

.signature
 *(.signature*)

.user_signatures
 *(.user_signatures*)

.stab
 *(.stab)

.stabstr
 *(.stabstr)

.stab.excl
 *(.stab.excl)

.stab.exclstr
 *(.stab.exclstr)

.stab.index
 *(.stab.index)

.stab.indexstr
 *(.stab.indexstr)

.comment        0x00000000       0x30
 *(.comment)
 .comment       0x00000000       0x30 main.o
                                 0x31 (size before relaxing)
 .comment       0x00000030       0x31 MCAL/External Interrupt/ATmega32_EXTERNALINTERRUPTS.o
 .comment       0x00000030       0x31 MCAL/GPIO/ATmega32_GPIO.o
 .comment       0x00000030       0x31 MCAL/Timers/Timer0/ATmega32_TIMER0.o
 .comment       0x00000030       0x31 MCAL/Timers/Timer2/ATmega32_TIMER2.o

.note.gnu.avr.deviceinfo
                0x00000000       0x3c
 .note.gnu.avr.deviceinfo
                0x00000000       0x3c C:/Program Files (x86)/Atmel/Studio/7.0/Packs/atmel/ATmega_DFP/1.7.374/gcc/dev/atmega32a/avr5/crtatmega32a.o

.note.gnu.build-id
 *(.note.gnu.build-id)

.debug
 *(.debug)

.line
 *(.line)

.debug_srcinfo
 *(.debug_srcinfo)

.debug_sfnames
 *(.debug_sfnames)

.debug_aranges  0x00000000      0x1a8
 *(.debug_aranges)
 .debug_aranges
                0x00000000       0x30 main.o
 .debug_aranges
                0x00000030       0x48 MCAL/External Interrupt/ATmega32_EXTERNALINTERRUPTS.o
 .debug_aranges
                0x00000078       0x50 MCAL/GPIO/ATmega32_GPIO.o
 .debug_aranges
                0x000000c8       0x70 MCAL/Timers/Timer0/ATmega32_TIMER0.o
 .debug_aranges
                0x00000138       0x70 MCAL/Timers/Timer2/ATmega32_TIMER2.o

.debug_pubnames
 *(.debug_pubnames)

.debug_info     0x00000000     0x1fdf
 *(.debug_info .gnu.linkonce.wi.*)
 .debug_info    0x00000000      0x4e6 C:/Program Files (x86)/Atmel/Studio/7.0/Packs/atmel/ATmega_DFP/1.7.374/gcc/dev/atmega32a/avr5/crtatmega32a.o
 .debug_info    0x000004e6      0x465 main.o
 .debug_info    0x0000094b      0x44e MCAL/External Interrupt/ATmega32_EXTERNALINTERRUPTS.o
 .debug_info    0x00000d99      0x4e6 MCAL/GPIO/ATmega32_GPIO.o
 .debug_info    0x0000127f      0x6aa MCAL/Timers/Timer0/ATmega32_TIMER0.o
 .debug_info    0x00001929      0x6b6 MCAL/Timers/Timer2/ATmega32_TIMER2.o

.debug_abbrev   0x00000000      0xbcc
 *(.debug_abbrev)
 .debug_abbrev  0x00000000      0x4a3 C:/Program Files (x86)/Atmel/Studio/7.0/Packs/atmel/ATmega_DFP/1.7.374/gcc/dev/atmega32a/avr5/crtatmega32a.o
 .debug_abbrev  0x000004a3      0x146 main.o
 .debug_abbrev  0x000005e9      0x132 MCAL/External Interrupt/ATmega32_EXTERNALINTERRUPTS.o
 .debug_abbrev  0x0000071b      0x178 MCAL/GPIO/ATmega32_GPIO.o
 .debug_abbrev  0x00000893      0x178 MCAL/Timers/Timer0/ATmega32_TIMER0.o
 .debug_abbrev  0x00000a0b      0x1c1 MCAL/Timers/Timer2/ATmega32_TIMER2.o

.debug_line     0x00000000      0xfeb
 *(.debug_line .debug_line.* .debug_line_end)
 .debug_line    0x00000000      0x116 C:/Program Files (x86)/Atmel/Studio/7.0/Packs/atmel/ATmega_DFP/1.7.374/gcc/dev/atmega32a/avr5/crtatmega32a.o
 .debug_line    0x00000116      0x133 main.o
 .debug_line    0x00000249      0x26c MCAL/External Interrupt/ATmega32_EXTERNALINTERRUPTS.o
 .debug_line    0x000004b5      0x4a2 MCAL/GPIO/ATmega32_GPIO.o
 .debug_line    0x00000957      0x36b MCAL/Timers/Timer0/ATmega32_TIMER0.o
 .debug_line    0x00000cc2      0x329 MCAL/Timers/Timer2/ATmega32_TIMER2.o

.debug_frame    0x00000000      0x4f4
 *(.debug_frame)
 .debug_frame   0x00000000       0x64 main.o
 .debug_frame   0x00000064      0x14c MCAL/External Interrupt/ATmega32_EXTERNALINTERRUPTS.o
 .debug_frame   0x000001b0       0x84 MCAL/GPIO/ATmega32_GPIO.o
 .debug_frame   0x00000234      0x160 MCAL/Timers/Timer0/ATmega32_TIMER0.o
 .debug_frame   0x00000394      0x160 MCAL/Timers/Timer2/ATmega32_TIMER2.o

.debug_str      0x00000000      0xb26
 *(.debug_str)
 .debug_str     0x00000000      0x196 C:/Program Files (x86)/Atmel/Studio/7.0/Packs/atmel/ATmega_DFP/1.7.374/gcc/dev/atmega32a/avr5/crtatmega32a.o
 .debug_str     0x00000196      0x2ec main.o
                                0x30d (size before relaxing)
 .debug_str     0x00000482      0x1d7 MCAL/External Interrupt/ATmega32_EXTERNALINTERRUPTS.o
                                0x375 (size before relaxing)
 .debug_str     0x00000659       0xbb MCAL/GPIO/ATmega32_GPIO.o
                                0x2f7 (size before relaxing)
 .debug_str     0x00000714      0x20a MCAL/Timers/Timer0/ATmega32_TIMER0.o
                                0x49e (size before relaxing)
 .debug_str     0x0000091e      0x208 MCAL/Timers/Timer2/ATmega32_TIMER2.o
                                0x49c (size before relaxing)

.debug_loc      0x00000000      0xc5a
 *(.debug_loc)
 .debug_loc     0x00000000       0x90 main.o
 .debug_loc     0x00000090      0x302 MCAL/External Interrupt/ATmega32_EXTERNALINTERRUPTS.o
 .debug_loc     0x00000392      0x474 MCAL/GPIO/ATmega32_GPIO.o
 .debug_loc     0x00000806      0x22a MCAL/Timers/Timer0/ATmega32_TIMER0.o
 .debug_loc     0x00000a30      0x22a MCAL/Timers/Timer2/ATmega32_TIMER2.o

.debug_macinfo
 *(.debug_macinfo)

.debug_weaknames
 *(.debug_weaknames)

.debug_funcnames
 *(.debug_funcnames)

.debug_typenames
 *(.debug_typenames)

.debug_varnames
 *(.debug_varnames)

.debug_pubtypes
 *(.debug_pubtypes)

.debug_ranges   0x00000000      0x158
 *(.debug_ranges)
 .debug_ranges  0x00000000       0x20 main.o
 .debug_ranges  0x00000020       0x38 MCAL/External Interrupt/ATmega32_EXTERNALINTERRUPTS.o
 .debug_ranges  0x00000058       0x40 MCAL/GPIO/ATmega32_GPIO.o
 .debug_ranges  0x00000098       0x60 MCAL/Timers/Timer0/ATmega32_TIMER0.o
 .debug_ranges  0x000000f8       0x60 MCAL/Timers/Timer2/ATmega32_TIMER2.o

.debug_macro
 *(.debug_macro)
OUTPUT(ATmega32.elf elf32-avr)
LOAD linker stubs
